nl/mpi/kinnate/ui/GedcomImportPanel$3.class
nl/mpi/kinnate/ui/menu/HelpMenu$4.class
nl/mpi/kinnate/ui/HidePane$HidePanePosition.class
nl/mpi/kinnate/ui/entityprofiles/CmdiProfileSelectionPanel.class
nl/mpi/kinnate/ui/GraphPanelContextMenu$7$1.class
nl/mpi/kinnate/ui/KinTermTableModel.class
nl/mpi/kinnate/ui/menu/KinTermsMenu$5.class
nl/mpi/kinnate/ui/window/AbstractDiagramManager$3.class
nl/mpi/kinnate/ui/FieldSelectionList$5.class
nl/mpi/kinnate/svg/GraphPanel$1$1.class
nl/mpi/kinnate/data/KinTreeFilteredNode$1.class
nl/mpi/kinnate/ui/menu/DiagramOptionsMenu$6.class
nl/mpi/kinnate/SavePanel.class
nl/mpi/kinnate/gedcomimport/GedcomImporter.class
nl/mpi/kinnate/entityindexer/QueryParser$2.class
nl/mpi/kinnate/ui/KinTermPanel$2.class
nl/mpi/kinnate/ui/EntityUploadPanel$1.class
nl/mpi/kinnate/svg/GraphPanel$1.class
nl/mpi/kinnate/ui/KinDiagramPanel$2.class
nl/mpi/kinnate/gedcomimport/GenericImporter.class
nl/mpi/kinnate/kindata/RelationArray.class
nl/mpi/kinnate/svg/MouseListenerSvgImpl$2.class
nl/mpi/kinnate/ui/SvgElementEditor$3$1.class
nl/mpi/kinnate/ui/DateEditorPanel$1.class
nl/mpi/kinnate/gedcomimport/GedcomImporter$SocialMemberElement.class
nl/mpi/kinnate/projects/ProjectManager$2.class
nl/mpi/kinnate/ui/menu/FileMenu$7.class
nl/mpi/kinnate/ui/DateEditorPanel$4$3.class
nl/mpi/kinnate/svg/GraphPanel$8.class
nl/mpi/kinnate/ui/EntitySearchPanel$4.class
nl/mpi/kinnate/data/FilteredNodeContainer.class
nl/mpi/kinnate/ui/menu/EditMenu$1.class
nl/mpi/kinnate/ui/GraphPanelContextMenu$5.class
nl/mpi/kinnate/ui/KinTermPanel$7.class
nl/mpi/kinnate/kindocument/DocumentLoader.class
nl/mpi/kinnate/ui/HidePane$5.class
nl/mpi/kinnate/ui/window/SavePanelFrame.class
nl/mpi/kinnate/gedcomimport/EntityImporter$3.class
nl/mpi/kinnate/ui/menu/HelpMenu$9.class
nl/mpi/kinnate/kindocument/CmdiTransformer.class
nl/mpi/kinnate/svg/DataStoreSvg.class
nl/mpi/kinnate/ui/KinTermPanel$6$4.class
nl/mpi/kinnate/ui/KinDiagramPanel$2$2.class
nl/mpi/kinnate/entityindexer/IndexerParameters.class
nl/mpi/kinnate/ui/window/WindowedDiagramManager.class
nl/mpi/kinnate/svg/GraphPanel$3.class
nl/mpi/kinnate/ui/MainFrame.class
nl/mpi/kinnate/ui/GraphPanelContextMenu$15.class
nl/mpi/kinnate/ui/KinTermPanel$6$2.class
nl/mpi/kinnate/ui/menu/FileMenu$5.class
nl/mpi/kinnate/ui/KinDragTransferHandler.class
nl/mpi/kinnate/ui/HidePane$3.class
nl/mpi/kinnate/ui/SvgElementEditor$3.class
nl/mpi/kinnate/ui/RotatedButton$1.class
nl/mpi/kinnate/SVGApplication$4.class
nl/mpi/kinnate/ui/KinTypeStringInput$1.class
nl/mpi/kinnate/ui/menu/FileMenu$2.class
nl/mpi/kinnate/ui/KinTermTabPane.class
nl/mpi/kinnate/ui/kintypeeditor/CheckBoxRenderer.class
nl/mpi/kinnate/ui/window/LayeredDiagramManager.class
nl/mpi/kinnate/entityindexer/EntityCollection$5.class
nl/mpi/kinnate/svg/GraphPanel$11.class
nl/mpi/kinnate/ui/menu/HelpMenu$7$1.class
nl/mpi/kinnate/ui/menu/HelpMenu$6.class
nl/mpi/kinnate/SVGApplication$6.class
nl/mpi/kinnate/ui/GraphPanelContextMenu$3.class
nl/mpi/kinnate/ui/EntitySearchPanel$1.class
nl/mpi/kinnate/ui/kintypeeditor/KinTypeTableModel.class
nl/mpi/kinnate/uniqueidentifiers/UniqueIdentifierArray.class
nl/mpi/kinnate/ui/SvgElementEditor$3$4.class
nl/mpi/kinnate/ui/SvgElementEditor$5.class
nl/mpi/kinnate/ui/KinTermPanel$4.class
nl/mpi/kinnate/ui/menu/DiagramOptionsMenu$8.class
nl/mpi/kinnate/svg/GraphPanel$6.class
nl/mpi/kinnate/ui/menu/ProjectFileMenu.class
nl/mpi/kinnate/gedcomimport/ImportLineStructure$FieldEntry.class
nl/mpi/kinnate/entityindexer/EntityCollection$7.class
nl/mpi/kinnate/ui/entityprofiles/ProfileTableModel.class
nl/mpi/kinnate/projects/ProjectManager.class
nl/mpi/kinnate/export/EntityUploader$1.class
nl/mpi/kinnate/ui/DateEditorPanel$3.class
nl/mpi/kinnate/ui/GraphPanelContextMenu$1.class
nl/mpi/kinnate/ui/menu/HelpMenu$1.class
nl/mpi/kinnate/ui/KinTree.class
nl/mpi/kinnate/ui/GraphPanelContextMenu$11.class
nl/mpi/kinnate/entityindexer/EntityCollection$4.class
nl/mpi/kinnate/ui/DateEditorPanel$4$5.class
nl/mpi/kinnate/ui/menu/FileMenu$4.class
nl/mpi/kinnate/ui/MainFrame$1.class
nl/mpi/kinnate/ui/GraphPanelContextMenu$3$1.class
nl/mpi/kinnate/KinTermSavePanel.class
nl/mpi/kinnate/gedcomimport/ImportException.class
nl/mpi/kinnate/ui/menu/ArchiveMenu$2.class
nl/mpi/kinnate/ui/menu/DiagramPanelsMenu$1.class
nl/mpi/kinnate/ui/menu/DiagramOptionsMenu$3.class
nl/mpi/kinnate/gedcomimport/CsvImporter$1.class
nl/mpi/kinnate/ui/GraphPanelContextMenu$16.class
nl/mpi/kinnate/ui/relationsettings/ColourCellEditor.class
nl/mpi/kinnate/SVGApplication$3.class
nl/mpi/kinnate/ui/window/AbstractDiagramManager$1.class
nl/mpi/kinnate/kindocument/ImportTranslator$TranslationElement.class
nl/mpi/kinnate/export/ModifiedFileSearch$2.class
nl/mpi/kinnate/ui/menu/ProjectFileMenu$1.class
nl/mpi/kinnate/ui/window/TabbedDiagramManager.class
nl/mpi/kinnate/ui/KinTypeStringInput.class
nl/mpi/kinnate/data/FilteredNodeContainer$1.class
nl/mpi/kinnate/ui/menu/DiagramPanelsMenu.class
nl/mpi/kinnate/SVGApplication$2.class
nl/mpi/kinnate/entityindexer/EntityCollection$3.class
nl/mpi/kinnate/svg/GraphPanel$9.class
nl/mpi/kinnate/ui/relationsettings/RelationSettingsPanel$1$1.class
nl/mpi/kinnate/ui/GedcomImportPanel$2$1$4.class
nl/mpi/kinnate/ui/menu/DiagramOptionsMenu$4.class
nl/mpi/kinnate/svg/GraphUserAgent.class
nl/mpi/kinnate/ui/menu/HelpMenu$2.class
nl/mpi/kinnate/ui/DateEditorPanel$4$4.class
nl/mpi/kinnate/ui/DiagramSettingsPanel.class
nl/mpi/kinnate/projects/ProjectManager$1.class
nl/mpi/kinnate/kindocument/RelationLinker.class
nl/mpi/kinnate/ui/menu/FileMenu$8.class
nl/mpi/kinnate/kindata/VisiblePanelSetting.class
nl/mpi/kinnate/ui/GedcomImportPanel$2$1$3.class
nl/mpi/kinnate/ui/menu/ArchiveMenu$1.class
nl/mpi/kinnate/ui/DateEditorPanel$4$1.class
nl/mpi/kinnate/SVGApplication$1.class
nl/mpi/kinnate/entityindexer/EntityServiceException.class
nl/mpi/kinnate/ui/GedcomImportPanel$2$1.class
nl/mpi/kinnate/kintypestrings/ImportRequiredException.class
nl/mpi/kinnate/ui/DateEditorPanel$2.class
nl/mpi/kinnate/ui/ProjectTreePanel.class
nl/mpi/kinnate/ui/menu/WindowMenu.class
nl/mpi/kinnate/export/ModifiedFileSearch.class
nl/mpi/kinnate/gedcomimport/CsvImporter.class
nl/mpi/kinnate/ui/GraphPanelContextMenu$10.class
nl/mpi/kinnate/export/EntityUploader$2.class
nl/mpi/kinnate/ui/GraphPanelContextMenu$13.class
nl/mpi/kinnate/entityindexer/EntityCollection$2.class
nl/mpi/kinnate/export/EntityUploader$3.class
nl/mpi/kinnate/ui/ArchiveEntityLinkerPanel$TreeType.class
nl/mpi/kinnate/ui/menu/DiagramOptionsMenu$2.class
nl/mpi/kinnate/ui/GedcomImportPanel$2$1$1.class
nl/mpi/kinnate/ui/DateEditorPanel$4.class
nl/mpi/kinnate/svg/DiagramTranscoder$1.class
nl/mpi/kinnate/ui/GraphPanelContextMenu$4$1.class
nl/mpi/kinnate/ui/GraphPanelContextMenu$12.class
nl/mpi/kinnate/kindata/EntityArray.class
nl/mpi/kinnate/ui/menu/FileMenu$9.class
nl/mpi/kinnate/entityindexer/QueryBuilder$1.class
nl/mpi/kinnate/ui/menu/SamplesFileMenu.class
nl/mpi/kinnate/ui/menu/DiagramOptionsMenu$1.class
nl/mpi/kinnate/ui/menu/MainMenuBar.class
nl/mpi/kinnate/ui/menu/DiagramOptionsMenu.class
nl/mpi/kinnate/ui/ArchiveEntityLinkerPanel$1.class
nl/mpi/kinnate/data/ProjectNode.class
nl/mpi/kinnate/ui/EntitySearchPanel.class
nl/mpi/kinnate/export/PedigreePackageExport$1.class
nl/mpi/kinnate/ui/kintypeeditor/CheckBoxModel.class
nl/mpi/kinnate/ui/menu/FileMenu$1.class
nl/mpi/kinnate/projects/ProjectManager$3.class
nl/mpi/kinnate/plugins/KinOathPluginManager.class
nl/mpi/kinnate/ui/KinDiagramPanel$2$1.class
nl/mpi/kinnate/ui/DiagramTranscoderPanel.class
nl/mpi/kinnate/ui/menu/KinTermsMenu.class
nl/mpi/kinnate/ui/GraphPanelContextMenu$14.class
nl/mpi/kinnate/entityindexer/EntityCollection$1.class
nl/mpi/kinnate/svg/MouseListenerSvgImpl$1.class
nl/mpi/kinnate/ui/menu/FileMenu.class
nl/mpi/kinnate/ui/DateEditorPanel$4$2.class
nl/mpi/kinnate/entityindexer/EntityService.class
nl/mpi/kinnate/ui/menu/HelpMenu.class
nl/mpi/kinnate/ui/KinTermPanel$6$3.class
nl/mpi/kinnate/ui/GraphPanelContextMenu$4.class
nl/mpi/kinnate/svg/DiagramTranscoder$OutputType.class
nl/mpi/kinnate/svg/GraphPanel$7.class
nl/mpi/kinnate/ui/window/AbstractDiagramManager.class
nl/mpi/kinnate/kindata/VisiblePanelSetting$PanelType.class
nl/mpi/kinnate/ui/SvgElementEditor$4.class
nl/mpi/kinnate/ui/GedcomImportPanel$2$1$2.class
nl/mpi/kinnate/ui/RotatedButton.class
nl/mpi/kinnate/ui/menu/DiagramOptionsMenu$5.class
nl/mpi/kinnate/ui/HidePane$4.class
nl/mpi/kinnate/svg/SymbolGraphic.class
nl/mpi/kinnate/ui/menu/HelpMenu$3.class
nl/mpi/kinnate/svg/SymbolGraphic$ImageIconTranscoder.class
nl/mpi/kinnate/ui/KinDiagramPanel$3.class
nl/mpi/kinnate/gedcomimport/EntityImporter.class
nl/mpi/kinnate/userstorage/KinSessionStorage.class
nl/mpi/kinnate/ui/GedcomImportPanel$2.class
nl/mpi/kinnate/svg/GraphPanel$2.class
nl/mpi/kinnate/kindocument/EntityMerger.class
nl/mpi/kinnate/SVGApplication.class
nl/mpi/kinnate/entityindexer/ParameterElement.class
nl/mpi/kinnate/ui/menu/HelpMenu$10.class
nl/mpi/kinnate/ui/menu/FileMenu$6.class
nl/mpi/kinnate/ui/relationsettings/ColourCellEditor$1.class
nl/mpi/kinnate/ui/EntitySearchPanel$5.class
nl/mpi/kinnate/ui/window/AbstractDiagramManager$2.class
nl/mpi/kinnate/ui/KinTermPanel$1.class
nl/mpi/kinnate/gedcomimport/TipLineStructure.class
nl/mpi/kinnate/ui/menu/RecentFileMenu.class
nl/mpi/kinnate/ui/menu/DiagramOptionsMenu$7.class
nl/mpi/kinnate/ui/FieldSelectionList.class
nl/mpi/kinnate/gedcomimport/GedcomImporter$FamGroupElement.class
nl/mpi/kinnate/entityindexer/QueryParser.class
nl/mpi/kinnate/ui/menu/DocumentNewMenu.class
nl/mpi/kinnate/ui/RotatedButton$Orientation.class
nl/mpi/kinnate/data/KinTreeFilteredNode.class
nl/mpi/kinnate/ui/StatusBar.class
nl/mpi/kinnate/ui/ProjectTreePanel$2.class
nl/mpi/kinnate/ui/menu/HelpMenu$8.class
nl/mpi/kinnate/export/ExportToR.class
nl/mpi/kinnate/ui/SvgElementEditor$3$2.class
nl/mpi/kinnate/gedcomimport/ImportLineStructure.class
nl/mpi/kinnate/ui/GraphPanelContextMenu$5$1.class
nl/mpi/kinnate/export/ModifiedFileSearch$1.class
nl/mpi/kinnate/ui/DateEditorPanel.class
nl/mpi/kinnate/svg/SaveExeption.class
nl/mpi/kinnate/ui/EntityUploadPanel.class
nl/mpi/kinnate/ui/kintypeeditor/ArrayListCellRenderer.class
nl/mpi/kinnate/ui/EntitySearchPanel$3.class
nl/mpi/kinnate/ui/menu/KinTermsMenu$1.class
nl/mpi/kinnate/ui/kintypeeditor/KinTypeDefinitions$1.class
nl/mpi/kinnate/ui/KinTermPanel$6.class
nl/mpi/kinnate/kindocument/EntityDocument.class
nl/mpi/kinnate/ui/FieldSelectionList$1.class
nl/mpi/kinnate/kindocument/ImportTranslator.class
nl/mpi/kinnate/ui/StatusBar$1.class
nl/mpi/kinnate/svg/GraphPanel$5.class
nl/mpi/kinnate/ui/entityprofiles/CmdiProfileSelectionPanel$1.class
nl/mpi/kinnate/ui/HidePane$1.class
nl/mpi/kinnate/ui/EgoSelectionPanel.class
nl/mpi/kinnate/ui/KinTermPanel$3.class
nl/mpi/kinnate/ui/relationsettings/RelationSettingsPanel.class
nl/mpi/kinnate/ui/GraphPanelContextMenu$17.class
nl/mpi/kinnate/entityindexer/EntityCollection$6.class
nl/mpi/kinnate/ui/menu/HelpMenu$5.class
nl/mpi/kinnate/export/ExportException.class
nl/mpi/kinnate/ui/EntitySearchPanel$7$1.class
nl/mpi/kinnate/ui/SvgElementEditor$3$5.class
nl/mpi/kinnate/ui/SvgElementEditor.class
nl/mpi/kinnate/svg/GraphPanel$10.class
nl/mpi/kinnate/ui/DiagramTranscoderPanel$1.class
nl/mpi/kinnate/ui/menu/RecentFileMenu$1.class
nl/mpi/kinnate/SVGApplication$5.class
nl/mpi/kinnate/KinOathVersion.class
nl/mpi/kinnate/ui/KinTermPanel$6$1.class
nl/mpi/kinnate/projects/ProjectRecord.class
nl/mpi/kinnate/ui/GraphPanelContextMenu$2.class
nl/mpi/kinnate/kindocument/KinXsdException.class
nl/mpi/kinnate/ui/menu/ArchiveMenu.class
nl/mpi/kinnate/ui/menu/FileMenu$3.class
nl/mpi/kinnate/ui/HidePane$2.class
nl/mpi/kinnate/ui/KinDiagramPanel$5.class
nl/mpi/kinnate/ui/menu/KinTermsMenu$2.class
nl/mpi/kinnate/kintypestrings/KinTermCalculator.class
nl/mpi/kinnate/ui/relationsettings/RelationTypesTableModel.class
nl/mpi/kinnate/ui/EntitySearchPanel$2.class
nl/mpi/kinnate/entityindexer/EntityCollection.class
nl/mpi/kinnate/ui/menu/EditMenu.class
nl/mpi/kinnate/ui/MetadataPanel.class
nl/mpi/kinnate/entityindexer/IndexerEntityData.class
nl/mpi/kinnate/data/KinTreeNode.class
nl/mpi/kinnate/ui/menu/FileMenu$16.class
nl/mpi/kinnate/ui/FieldSelectionList$2.class
nl/mpi/kinnate/ui/ImportSamplesFileMenu.class
nl/mpi/kinnate/ui/GraphPanelContextMenu$16$1.class
nl/mpi/kinnate/ui/GedcomImportPanel.class
nl/mpi/kinnate/ui/ExportPanel.class
nl/mpi/kinnate/ui/KinTermPanel$5.class
nl/mpi/kinnate/svg/GraphPanel$4.class
nl/mpi/kinnate/entityindexer/QueryBuilder.class
nl/mpi/kinnate/ui/ArchiveEntityLinkerPanel.class
nl/mpi/kinnate/gedcomimport/EntityImporter$1.class
nl/mpi/kinnate/svg/DataStoreSvg$DiagramMode.class
nl/mpi/kinnate/kindocument/ProfileManager$1.class
nl/mpi/kinnate/ui/menu/HelpMenu$7.class
nl/mpi/kinnate/ui/SvgElementEditor$3$3.class
nl/mpi/kinnate/ui/menu/DiagramOptionsMenu$11.class
nl/mpi/kinnate/ui/menu/DiagramOptionsMenu$9.class
nl/mpi/kinnate/ui/HidePane$7.class
nl/mpi/kinnate/ui/GraphPanelContextMenu$7.class
nl/mpi/kinnate/ui/relationsettings/NumberSpinnerEditor.class
nl/mpi/kinnate/svg/MouseListenerSvgImpl.class
nl/mpi/kinnate/ui/GraphPanelContextMenu$6.class
nl/mpi/kinnate/ui/SvgElementEditor$1.class
nl/mpi/kinnate/ui/KinTermPanel.class
nl/mpi/kinnate/ui/KinOathHelp.class
nl/mpi/kinnate/ui/menu/FileMenu$17.class
nl/mpi/kinnate/gedcomimport/EntityImporter$2.class
nl/mpi/kinnate/ui/ProjectTreePanel$1.class
nl/mpi/kinnate/ui/GraphPanelContextMenu$6$1.class
nl/mpi/kinnate/ui/menu/FileMenu$11.class
nl/mpi/kinnate/kindocument/ProfileManager$2.class
nl/mpi/kinnate/ui/entityprofiles/ProfileRecord.class
nl/mpi/kinnate/ui/GedcomImportPanel$1.class
nl/mpi/kinnate/ui/menu/DiagramOptionsMenu$10.class
nl/mpi/kinnate/svg/GraphPanel$12.class
nl/mpi/kinnate/ui/KinDiagramPanel$4.class
nl/mpi/kinnate/ui/menu/KinTermsMenu$3.class
nl/mpi/kinnate/gedcomimport/GedcomLineStructure.class
nl/mpi/kinnate/export/PedigreePackageExport.class
nl/mpi/kinnate/ui/menu/TableMenu.class
nl/mpi/kinnate/ui/SvgElementEditor$2.class
nl/mpi/kinnate/KinnateArbilInjector$1.class
nl/mpi/kinnate/ui/menu/FileMenu$10.class
nl/mpi/kinnate/gedcomimport/TipImporter.class
nl/mpi/kinnate/ui/FieldSelectionList$3.class
nl/mpi/kinnate/svg/DataStoreSvg$GraphRelationData.class
nl/mpi/kinnate/svg/GraphPanel$13.class
nl/mpi/kinnate/entityindexer/DatabaseUpdateListener.class
nl/mpi/kinnate/ui/ProjectPreviewPanel.class
nl/mpi/kinnate/ui/kintypeeditor/KinTypeDefinitions.class
nl/mpi/kinnate/entityindexer/EntityCollection$SearchResults.class
nl/mpi/kinnate/ui/HidePane$6.class
nl/mpi/kinnate/gedcomimport/ImportLineStructure$RelationEntry.class
nl/mpi/kinnate/ui/GraphPanelContextMenu$8.class
nl/mpi/kinnate/svg/GraphPanel.class
nl/mpi/kinnate/kintypestrings/MessageStringParser.class
nl/mpi/kinnate/ui/menu/FileMenu$12.class
nl/mpi/kinnate/entityindexer/IndexerParam.class
nl/mpi/kinnate/ui/HidePane$9.class
nl/mpi/kinnate/ui/EntitySearchPanel$6.class
nl/mpi/kinnate/ui/ProjectTreePanel$2$1.class
nl/mpi/kinnate/entityindexer/QueryParser$1.class
nl/mpi/kinnate/ui/menu/WindowMenu$1.class
nl/mpi/kinnate/ui/menu/TableMenu$1.class
nl/mpi/kinnate/svg/DataStoreSvg$RelationTypeHashKey.class
nl/mpi/kinnate/ui/KinDiagramPanel$2$3.class
nl/mpi/kinnate/kindocument/ProfileManager.class
nl/mpi/kinnate/export/EntityUploader.class
nl/mpi/kinnate/ui/GraphPanelContextMenu$1$1.class
nl/mpi/kinnate/ui/FieldSelectionList$4.class
nl/mpi/kinnate/ui/menu/FileMenu$15.class
nl/mpi/kinnate/ui/menu/KinTermsMenu$4.class
nl/mpi/kinnate/entityindexer/QueryParser$3.class
nl/mpi/kinnate/ui/HidePane.class
nl/mpi/kinnate/ui/KinDiagramPanel.class
nl/mpi/kinnate/gedcomimport/CsvImporter$SeparatorType.class
nl/mpi/kinnate/ui/HidePane$8.class
nl/mpi/kinnate/ui/EntitySearchPanel$7.class
nl/mpi/kinnate/svg/DiagramTranscoder.class
nl/mpi/kinnate/ui/menu/FileMenu$14.class
nl/mpi/kinnate/ui/TableCellDragHandler.class
nl/mpi/kinnate/ui/menu/DocumentNewMenu$DocumentType.class
nl/mpi/kinnate/ui/menu/FileMenu$13.class
nl/mpi/kinnate/entityindexer/EntityIndex.class
nl/mpi/kinnate/projects/RecentProjects.class
nl/mpi/kinnate/export/ModifiedFileSearch$SearchType.class
nl/mpi/kinnate/ui/GraphPanelContextMenu.class
nl/mpi/kinnate/ui/KinDiagramPanel$1.class
nl/mpi/kinnate/entityindexer/ProcessAbortException.class
nl/mpi/kinnate/ui/GraphPanelContextMenu$9.class
nl/mpi/kinnate/ui/MetadataPanel$1.class
nl/mpi/kinnate/KinnateArbilInjector.class
nl/mpi/kinnate/ui/relationsettings/RelationSettingsPanel$1.class
nl/mpi/kinnate/gedcomimport/KinOathImporter.class
nl/mpi/kinnate/entityindexer/DatabaseUpdateHandler.class
