/home/runner/work/KinOathKinshipArchiver/KinOathKinshipArchiver/desktop/src/main/java/nl/mpi/kinnate/ui/relationsettings/RelationSettingsPanel.java
/home/runner/work/KinOathKinshipArchiver/KinOathKinshipArchiver/desktop/src/main/java/nl/mpi/kinnate/svg/DiagramTranscoder.java
/home/runner/work/KinOathKinshipArchiver/KinOathKinshipArchiver/desktop/src/main/java/nl/mpi/kinnate/ui/ProjectTreePanel.java
/home/runner/work/KinOathKinshipArchiver/KinOathKinshipArchiver/desktop/src/main/java/nl/mpi/kinnate/ui/window/LayeredDiagramManager.java
/home/runner/work/KinOathKinshipArchiver/KinOathKinshipArchiver/desktop/src/main/java/nl/mpi/kinnate/ui/menu/SamplesFileMenu.java
/home/runner/work/KinOathKinshipArchiver/KinOathKinshipArchiver/desktop/src/main/java/nl/mpi/kinnate/KinnateArbilInjector.java
/home/runner/work/KinOathKinshipArchiver/KinOathKinshipArchiver/desktop/src/main/java/nl/mpi/kinnate/gedcomimport/TipImporter.java
/home/runner/work/KinOathKinshipArchiver/KinOathKinshipArchiver/desktop/src/main/java/nl/mpi/kinnate/ui/TableCellDragHandler.java
/home/runner/work/KinOathKinshipArchiver/KinOathKinshipArchiver/desktop/src/main/java/nl/mpi/kinnate/SVGApplication.java
/home/runner/work/KinOathKinshipArchiver/KinOathKinshipArchiver/desktop/src/main/java/nl/mpi/kinnate/export/PedigreePackageExport.java
/home/runner/work/KinOathKinshipArchiver/KinOathKinshipArchiver/desktop/src/main/java/nl/mpi/kinnate/ui/menu/MainMenuBar.java
/home/runner/work/KinOathKinshipArchiver/KinOathKinshipArchiver/desktop/src/main/java/nl/mpi/kinnate/plugins/KinOathPluginManager.java
/home/runner/work/KinOathKinshipArchiver/KinOathKinshipArchiver/desktop/src/main/java/nl/mpi/kinnate/export/ModifiedFileSearch.java
/home/runner/work/KinOathKinshipArchiver/KinOathKinshipArchiver/desktop/src/main/java/nl/mpi/kinnate/kindata/EntityArray.java
/home/runner/work/KinOathKinshipArchiver/KinOathKinshipArchiver/desktop/src/main/java/nl/mpi/kinnate/ui/HidePane.java
/home/runner/work/KinOathKinshipArchiver/KinOathKinshipArchiver/desktop/src/main/java/nl/mpi/kinnate/ui/menu/DiagramPanelsMenu.java
/home/runner/work/KinOathKinshipArchiver/KinOathKinshipArchiver/desktop/src/main/java/nl/mpi/kinnate/ui/kintypeeditor/CheckBoxRenderer.java
/home/runner/work/KinOathKinshipArchiver/KinOathKinshipArchiver/desktop/src/main/java/nl/mpi/kinnate/ui/EgoSelectionPanel.java
/home/runner/work/KinOathKinshipArchiver/KinOathKinshipArchiver/desktop/src/main/java/nl/mpi/kinnate/userstorage/KinSessionStorage.java
/home/runner/work/KinOathKinshipArchiver/KinOathKinshipArchiver/desktop/src/main/java/nl/mpi/kinnate/kindocument/EntityMerger.java
/home/runner/work/KinOathKinshipArchiver/KinOathKinshipArchiver/desktop/src/main/java/nl/mpi/kinnate/ui/EntitySearchPanel.java
/home/runner/work/KinOathKinshipArchiver/KinOathKinshipArchiver/desktop/src/main/java/nl/mpi/kinnate/KinTermSavePanel.java
/home/runner/work/KinOathKinshipArchiver/KinOathKinshipArchiver/desktop/src/main/java/nl/mpi/kinnate/ui/ProjectPreviewPanel.java
/home/runner/work/KinOathKinshipArchiver/KinOathKinshipArchiver/desktop/src/main/java/nl/mpi/kinnate/ui/KinTermTableModel.java
/home/runner/work/KinOathKinshipArchiver/KinOathKinshipArchiver/desktop/src/main/java/nl/mpi/kinnate/projects/ProjectManager.java
/home/runner/work/KinOathKinshipArchiver/KinOathKinshipArchiver/desktop/src/main/java/nl/mpi/kinnate/ui/window/WindowedDiagramManager.java
/home/runner/work/KinOathKinshipArchiver/KinOathKinshipArchiver/desktop/src/main/java/nl/mpi/kinnate/gedcomimport/KinOathImporter.java
/home/runner/work/KinOathKinshipArchiver/KinOathKinshipArchiver/desktop/src/main/java/nl/mpi/kinnate/kindocument/ImportTranslator.java
/home/runner/work/KinOathKinshipArchiver/KinOathKinshipArchiver/desktop/src/main/java/nl/mpi/kinnate/ui/KinTermPanel.java
/home/runner/work/KinOathKinshipArchiver/KinOathKinshipArchiver/desktop/src/main/java/nl/mpi/kinnate/data/FilteredNodeContainer.java
/home/runner/work/KinOathKinshipArchiver/KinOathKinshipArchiver/desktop/src/main/java/nl/mpi/kinnate/gedcomimport/ImportLineStructure.java
/home/runner/work/KinOathKinshipArchiver/KinOathKinshipArchiver/desktop/src/main/java/nl/mpi/kinnate/entityindexer/EntityService.java
/home/runner/work/KinOathKinshipArchiver/KinOathKinshipArchiver/desktop/src/main/java/nl/mpi/kinnate/entityindexer/IndexerEntityData.java
/home/runner/work/KinOathKinshipArchiver/KinOathKinshipArchiver/desktop/src/main/java/nl/mpi/kinnate/ui/ExportPanel.java
/home/runner/work/KinOathKinshipArchiver/KinOathKinshipArchiver/desktop/src/main/java/nl/mpi/kinnate/ui/entityprofiles/ProfileRecord.java
/home/runner/work/KinOathKinshipArchiver/KinOathKinshipArchiver/desktop/src/main/java/nl/mpi/kinnate/ui/KinTree.java
/home/runner/work/KinOathKinshipArchiver/KinOathKinshipArchiver/desktop/src/main/java/nl/mpi/kinnate/kintypestrings/ImportRequiredException.java
/home/runner/work/KinOathKinshipArchiver/KinOathKinshipArchiver/desktop/src/main/java/nl/mpi/kinnate/ui/GraphPanelContextMenu.java
/home/runner/work/KinOathKinshipArchiver/KinOathKinshipArchiver/desktop/src/main/java/nl/mpi/kinnate/ui/menu/HelpMenu.java
/home/runner/work/KinOathKinshipArchiver/KinOathKinshipArchiver/desktop/src/main/java/nl/mpi/kinnate/ui/EntityUploadPanel.java
/home/runner/work/KinOathKinshipArchiver/KinOathKinshipArchiver/desktop/src/main/java/nl/mpi/kinnate/uniqueidentifiers/UniqueIdentifierArray.java
/home/runner/work/KinOathKinshipArchiver/KinOathKinshipArchiver/desktop/src/main/java/nl/mpi/kinnate/data/KinTreeFilteredNode.java
/home/runner/work/KinOathKinshipArchiver/KinOathKinshipArchiver/desktop/src/main/java/nl/mpi/kinnate/projects/RecentProjects.java
/home/runner/work/KinOathKinshipArchiver/KinOathKinshipArchiver/desktop/src/main/java/nl/mpi/kinnate/entityindexer/ParameterElement.java
/home/runner/work/KinOathKinshipArchiver/KinOathKinshipArchiver/desktop/src/main/java/nl/mpi/kinnate/ui/StatusBar.java
/home/runner/work/KinOathKinshipArchiver/KinOathKinshipArchiver/desktop/src/main/java/nl/mpi/kinnate/ui/kintypeeditor/ArrayListCellRenderer.java
/home/runner/work/KinOathKinshipArchiver/KinOathKinshipArchiver/desktop/src/main/java/nl/mpi/kinnate/export/ExportException.java
/home/runner/work/KinOathKinshipArchiver/KinOathKinshipArchiver/desktop/src/main/java/nl/mpi/kinnate/ui/menu/FileMenu.java
/home/runner/work/KinOathKinshipArchiver/KinOathKinshipArchiver/desktop/src/main/java/nl/mpi/kinnate/ui/relationsettings/RelationTypesTableModel.java
/home/runner/work/KinOathKinshipArchiver/KinOathKinshipArchiver/desktop/src/main/java/nl/mpi/kinnate/ui/FieldSelectionList.java
/home/runner/work/KinOathKinshipArchiver/KinOathKinshipArchiver/desktop/src/main/java/nl/mpi/kinnate/ui/SvgElementEditor.java
/home/runner/work/KinOathKinshipArchiver/KinOathKinshipArchiver/desktop/src/main/java/nl/mpi/kinnate/ui/menu/RecentFileMenu.java
/home/runner/work/KinOathKinshipArchiver/KinOathKinshipArchiver/desktop/src/main/java/nl/mpi/kinnate/entityindexer/ProcessAbortException.java
/home/runner/work/KinOathKinshipArchiver/KinOathKinshipArchiver/desktop/src/main/java/nl/mpi/kinnate/kindocument/CmdiTransformer.java
/home/runner/work/KinOathKinshipArchiver/KinOathKinshipArchiver/desktop/src/main/java/nl/mpi/kinnate/ui/DateEditorPanel.java
/home/runner/work/KinOathKinshipArchiver/KinOathKinshipArchiver/desktop/src/main/java/nl/mpi/kinnate/kindocument/KinXsdException.java
/home/runner/work/KinOathKinshipArchiver/KinOathKinshipArchiver/desktop/src/main/java/nl/mpi/kinnate/data/KinTreeNode.java
/home/runner/work/KinOathKinshipArchiver/KinOathKinshipArchiver/desktop/src/main/java/nl/mpi/kinnate/gedcomimport/CsvImporter.java
/home/runner/work/KinOathKinshipArchiver/KinOathKinshipArchiver/desktop/src/main/java/nl/mpi/kinnate/kindocument/EntityDocument.java
/home/runner/work/KinOathKinshipArchiver/KinOathKinshipArchiver/desktop/src/main/java/nl/mpi/kinnate/entityindexer/DatabaseUpdateHandler.java
/home/runner/work/KinOathKinshipArchiver/KinOathKinshipArchiver/desktop/src/main/java/nl/mpi/kinnate/ui/GedcomImportPanel.java
/home/runner/work/KinOathKinshipArchiver/KinOathKinshipArchiver/desktop/src/main/java/nl/mpi/kinnate/ui/menu/ArchiveMenu.java
/home/runner/work/KinOathKinshipArchiver/KinOathKinshipArchiver/desktop/src/main/java/nl/mpi/kinnate/data/ProjectNode.java
/home/runner/work/KinOathKinshipArchiver/KinOathKinshipArchiver/desktop/src/main/java/nl/mpi/kinnate/ui/menu/ProjectFileMenu.java
/home/runner/work/KinOathKinshipArchiver/KinOathKinshipArchiver/desktop/src/main/java/nl/mpi/kinnate/KinOathVersion.java
/home/runner/work/KinOathKinshipArchiver/KinOathKinshipArchiver/desktop/src/main/java/nl/mpi/kinnate/entityindexer/DatabaseUpdateListener.java
/home/runner/work/KinOathKinshipArchiver/KinOathKinshipArchiver/desktop/src/main/java/nl/mpi/kinnate/svg/SaveExeption.java
/home/runner/work/KinOathKinshipArchiver/KinOathKinshipArchiver/desktop/src/main/java/nl/mpi/kinnate/ui/KinTermTabPane.java
/home/runner/work/KinOathKinshipArchiver/KinOathKinshipArchiver/desktop/src/main/java/nl/mpi/kinnate/ui/relationsettings/NumberSpinnerEditor.java
/home/runner/work/KinOathKinshipArchiver/KinOathKinshipArchiver/desktop/src/main/java/nl/mpi/kinnate/ui/window/AbstractDiagramManager.java
/home/runner/work/KinOathKinshipArchiver/KinOathKinshipArchiver/desktop/src/main/java/nl/mpi/kinnate/ui/RotatedButton.java
/home/runner/work/KinOathKinshipArchiver/KinOathKinshipArchiver/desktop/src/main/java/nl/mpi/kinnate/gedcomimport/ImportException.java
/home/runner/work/KinOathKinshipArchiver/KinOathKinshipArchiver/desktop/src/main/java/nl/mpi/kinnate/ui/kintypeeditor/CheckBoxModel.java
/home/runner/work/KinOathKinshipArchiver/KinOathKinshipArchiver/desktop/src/main/java/nl/mpi/kinnate/kindata/VisiblePanelSetting.java
/home/runner/work/KinOathKinshipArchiver/KinOathKinshipArchiver/desktop/src/main/java/nl/mpi/kinnate/ui/DiagramTranscoderPanel.java
/home/runner/work/KinOathKinshipArchiver/KinOathKinshipArchiver/desktop/src/main/java/nl/mpi/kinnate/kindocument/RelationLinker.java
/home/runner/work/KinOathKinshipArchiver/KinOathKinshipArchiver/desktop/src/main/java/nl/mpi/kinnate/ui/MetadataPanel.java
/home/runner/work/KinOathKinshipArchiver/KinOathKinshipArchiver/desktop/src/main/java/nl/mpi/kinnate/ui/entityprofiles/ProfileTableModel.java
/home/runner/work/KinOathKinshipArchiver/KinOathKinshipArchiver/desktop/src/main/java/nl/mpi/kinnate/kindata/RelationArray.java
/home/runner/work/KinOathKinshipArchiver/KinOathKinshipArchiver/desktop/src/main/java/nl/mpi/kinnate/projects/ProjectRecord.java
/home/runner/work/KinOathKinshipArchiver/KinOathKinshipArchiver/desktop/src/main/java/nl/mpi/kinnate/ui/ImportSamplesFileMenu.java
/home/runner/work/KinOathKinshipArchiver/KinOathKinshipArchiver/desktop/src/main/java/nl/mpi/kinnate/ui/KinDragTransferHandler.java
/home/runner/work/KinOathKinshipArchiver/KinOathKinshipArchiver/desktop/src/main/java/nl/mpi/kinnate/ui/window/SavePanelFrame.java
/home/runner/work/KinOathKinshipArchiver/KinOathKinshipArchiver/desktop/src/main/java/nl/mpi/kinnate/ui/window/TabbedDiagramManager.java
/home/runner/work/KinOathKinshipArchiver/KinOathKinshipArchiver/desktop/src/main/java/nl/mpi/kinnate/gedcomimport/GedcomLineStructure.java
/home/runner/work/KinOathKinshipArchiver/KinOathKinshipArchiver/desktop/src/main/java/nl/mpi/kinnate/svg/GraphUserAgent.java
/home/runner/work/KinOathKinshipArchiver/KinOathKinshipArchiver/desktop/src/main/java/nl/mpi/kinnate/kindocument/DocumentLoader.java
/home/runner/work/KinOathKinshipArchiver/KinOathKinshipArchiver/desktop/src/main/java/nl/mpi/kinnate/ui/kintypeeditor/KinTypeTableModel.java
/home/runner/work/KinOathKinshipArchiver/KinOathKinshipArchiver/desktop/src/main/java/nl/mpi/kinnate/entityindexer/EntityCollection.java
/home/runner/work/KinOathKinshipArchiver/KinOathKinshipArchiver/desktop/src/main/java/nl/mpi/kinnate/ui/menu/EditMenu.java
/home/runner/work/KinOathKinshipArchiver/KinOathKinshipArchiver/desktop/src/main/java/nl/mpi/kinnate/ui/KinOathHelp.java
/home/runner/work/KinOathKinshipArchiver/KinOathKinshipArchiver/desktop/src/main/java/nl/mpi/kinnate/export/ExportToR.java
/home/runner/work/KinOathKinshipArchiver/KinOathKinshipArchiver/desktop/src/main/java/nl/mpi/kinnate/svg/SymbolGraphic.java
/home/runner/work/KinOathKinshipArchiver/KinOathKinshipArchiver/desktop/src/main/java/nl/mpi/kinnate/entityindexer/IndexerParam.java
/home/runner/work/KinOathKinshipArchiver/KinOathKinshipArchiver/desktop/src/main/java/nl/mpi/kinnate/entityindexer/QueryBuilder.java
/home/runner/work/KinOathKinshipArchiver/KinOathKinshipArchiver/desktop/src/main/java/nl/mpi/kinnate/ui/DiagramSettingsPanel.java
/home/runner/work/KinOathKinshipArchiver/KinOathKinshipArchiver/desktop/src/main/java/nl/mpi/kinnate/kintypestrings/KinTermCalculator.java
/home/runner/work/KinOathKinshipArchiver/KinOathKinshipArchiver/desktop/src/main/java/nl/mpi/kinnate/ui/MainFrame.java
/home/runner/work/KinOathKinshipArchiver/KinOathKinshipArchiver/desktop/src/main/java/nl/mpi/kinnate/ui/kintypeeditor/KinTypeDefinitions.java
/home/runner/work/KinOathKinshipArchiver/KinOathKinshipArchiver/desktop/src/main/java/nl/mpi/kinnate/kindocument/ProfileManager.java
/home/runner/work/KinOathKinshipArchiver/KinOathKinshipArchiver/desktop/src/main/java/nl/mpi/kinnate/ui/KinDiagramPanel.java
/home/runner/work/KinOathKinshipArchiver/KinOathKinshipArchiver/desktop/src/main/java/nl/mpi/kinnate/gedcomimport/EntityImporter.java
/home/runner/work/KinOathKinshipArchiver/KinOathKinshipArchiver/desktop/src/main/java/nl/mpi/kinnate/ui/menu/DiagramOptionsMenu.java
/home/runner/work/KinOathKinshipArchiver/KinOathKinshipArchiver/desktop/src/main/java/nl/mpi/kinnate/svg/DataStoreSvg.java
/home/runner/work/KinOathKinshipArchiver/KinOathKinshipArchiver/desktop/src/main/java/nl/mpi/kinnate/entityindexer/QueryParser.java
/home/runner/work/KinOathKinshipArchiver/KinOathKinshipArchiver/desktop/src/main/java/nl/mpi/kinnate/entityindexer/IndexerParameters.java
/home/runner/work/KinOathKinshipArchiver/KinOathKinshipArchiver/desktop/src/main/java/nl/mpi/kinnate/entityindexer/EntityServiceException.java
/home/runner/work/KinOathKinshipArchiver/KinOathKinshipArchiver/desktop/src/main/java/nl/mpi/kinnate/kintypestrings/MessageStringParser.java
/home/runner/work/KinOathKinshipArchiver/KinOathKinshipArchiver/desktop/src/main/java/nl/mpi/kinnate/ui/menu/DocumentNewMenu.java
/home/runner/work/KinOathKinshipArchiver/KinOathKinshipArchiver/desktop/src/main/java/nl/mpi/kinnate/gedcomimport/TipLineStructure.java
/home/runner/work/KinOathKinshipArchiver/KinOathKinshipArchiver/desktop/src/main/java/nl/mpi/kinnate/export/EntityUploader.java
/home/runner/work/KinOathKinshipArchiver/KinOathKinshipArchiver/desktop/src/main/java/nl/mpi/kinnate/SavePanel.java
/home/runner/work/KinOathKinshipArchiver/KinOathKinshipArchiver/desktop/src/main/java/nl/mpi/kinnate/entityindexer/EntityIndex.java
/home/runner/work/KinOathKinshipArchiver/KinOathKinshipArchiver/desktop/src/main/java/nl/mpi/kinnate/ui/menu/WindowMenu.java
/home/runner/work/KinOathKinshipArchiver/KinOathKinshipArchiver/desktop/src/main/java/nl/mpi/kinnate/ui/menu/TableMenu.java
/home/runner/work/KinOathKinshipArchiver/KinOathKinshipArchiver/desktop/src/main/java/nl/mpi/kinnate/svg/MouseListenerSvgImpl.java
/home/runner/work/KinOathKinshipArchiver/KinOathKinshipArchiver/desktop/src/main/java/nl/mpi/kinnate/ui/menu/KinTermsMenu.java
/home/runner/work/KinOathKinshipArchiver/KinOathKinshipArchiver/desktop/src/main/java/nl/mpi/kinnate/svg/GraphPanel.java
/home/runner/work/KinOathKinshipArchiver/KinOathKinshipArchiver/desktop/src/main/java/nl/mpi/kinnate/gedcomimport/GenericImporter.java
/home/runner/work/KinOathKinshipArchiver/KinOathKinshipArchiver/desktop/src/main/java/nl/mpi/kinnate/ui/KinTypeStringInput.java
/home/runner/work/KinOathKinshipArchiver/KinOathKinshipArchiver/desktop/src/main/java/nl/mpi/kinnate/gedcomimport/GedcomImporter.java
/home/runner/work/KinOathKinshipArchiver/KinOathKinshipArchiver/desktop/src/main/java/nl/mpi/kinnate/ui/entityprofiles/CmdiProfileSelectionPanel.java
/home/runner/work/KinOathKinshipArchiver/KinOathKinshipArchiver/desktop/src/main/java/nl/mpi/kinnate/ui/ArchiveEntityLinkerPanel.java
/home/runner/work/KinOathKinshipArchiver/KinOathKinshipArchiver/desktop/src/main/java/nl/mpi/kinnate/ui/relationsettings/ColourCellEditor.java
